2026-02-03 16:41:01 | INFO | ======================================================================
2026-02-03 16:41:01 | INFO | 日内做T时序模型 - Z-Score 标准化版本（管道式架构）
2026-02-03 16:41:01 | INFO | 指数模式: 932000.INDX
2026-02-03 16:41:01 | INFO | 观察时点: 10:30 | 出场时点: 14:50
2026-02-03 16:41:01 | INFO | 组合因子: Z_final = 0 * Z_X1 + 2.0 * Z_X2
2026-02-03 16:41:01 | INFO | Z-Score 窗口: 20 天 | 共振阈值: -1.0 个标准差
2026-02-03 16:41:01 | INFO | ======================================================================
2026-02-03 16:41:01 | INFO | 开始执行流水线...
2026-02-03 16:41:01 | INFO | === 执行阶段 1/4 ===
2026-02-03 16:41:01 | INFO | --- 开始执行组件: LoadMinuteData ---
2026-02-03 16:41:01 | DEBUG | 组件 'LoadMinuteData' 初始化完成
2026-02-03 16:41:01 | INFO | 开始加载分钟数据...
2026-02-03 16:41:01 | INFO | 使用指数模式: 932000.INDX
2026-02-03 16:41:01 | INFO | 从指数 932000.INDX 获取成分股...
2026-02-03 16:41:04 | SUCCESS | 获取到 1969 只成分股
2026-02-03 16:41:04 | INFO | 开始加载 2025年 分钟数据...
2026-02-03 16:41:04 | DEBUG | 读取: 2025.pkl
2026-02-03 16:41:32 | INFO | 读取完成，耗时 27.5s，共 300,351,360 条记录
2026-02-03 16:41:43 | INFO | 数据中共有 5212 只股票
2026-02-03 16:41:43 | INFO | 指数成分股与数据交集: 1969 只股票
2026-02-03 16:41:43 | INFO | 开始筛选股票数据...
2026-02-03 16:42:21 | INFO | 筛选完成: 114,362,160 条记录，耗时 37.6s
2026-02-03 16:42:21 | INFO | 开始处理日期时间...
2026-02-03 16:50:10 | INFO | 日期时间处理完成，耗时 469.8s
2026-02-03 16:50:26 | SUCCESS | 加载完成: 114,362,160 条分钟数据, 1969 只股票, 243 个交易日
2026-02-03 16:50:32 | SUCCESS | 分钟数据加载完成: 114,362,160 条记录, 1969 只股票
2026-02-03 16:50:32 | SUCCESS | --- 组件 LoadMinuteData 执行成功 ---
2026-02-03 16:50:32 | INFO | === 执行阶段 2/4 ===
2026-02-03 16:50:32 | INFO | --- 开始执行组件: ComputeIntradayFeatures ---
2026-02-03 16:50:32 | DEBUG | 组件 'ComputeIntradayFeatures' 初始化完成
2026-02-03 16:50:32 | INFO | 开始计算日内特征...
