2026-02-03 16:29:46 | INFO | ======================================================================
2026-02-03 16:29:46 | INFO | 日内做T时序模型 - Z-Score 标准化版本（管道式架构）
2026-02-03 16:29:46 | INFO | 指数模式: 932000.INDX
2026-02-03 16:29:46 | INFO | 观察时点: 10:30 | 出场时点: 14:50
2026-02-03 16:29:46 | INFO | 组合因子: Z_final = -0.5 * Z_X1 + 2.0 * Z_X2
2026-02-03 16:29:46 | INFO | Z-Score 窗口: 20 天 | 共振阈值: -1.0 个标准差
2026-02-03 16:29:46 | INFO | ======================================================================
2026-02-03 16:29:46 | INFO | 开始执行流水线...
2026-02-03 16:29:46 | INFO | === 执行阶段 1/4 ===
2026-02-03 16:29:46 | INFO | --- 开始执行组件: LoadMinuteData ---
2026-02-03 16:29:46 | DEBUG | 组件 'LoadMinuteData' 初始化完成
2026-02-03 16:29:46 | INFO | 开始加载分钟数据...
2026-02-03 16:29:46 | INFO | 使用指数模式: 932000.INDX
2026-02-03 16:29:46 | INFO | 从指数 932000.INDX 获取成分股...
2026-02-03 16:29:53 | SUCCESS | 获取到 1969 只成分股
2026-02-03 16:29:53 | INFO | 开始加载 2025年 分钟数据...
2026-02-03 16:29:53 | DEBUG | 读取: 2025.pkl
2026-02-03 16:30:21 | INFO | 读取完成，耗时 28.2s，共 300,351,360 条记录
2026-02-03 16:30:33 | INFO | 数据中共有 5212 只股票
2026-02-03 16:30:33 | INFO | 指数成分股与数据交集: 1969 只股票
2026-02-03 16:30:33 | INFO | 开始筛选股票数据...
2026-02-03 16:31:07 | INFO | 筛选完成: 114,362,160 条记录，耗时 34.5s
2026-02-03 16:31:07 | INFO | 开始处理日期时间...
2026-02-03 16:36:57 | INFO | 日期时间处理完成，耗时 349.4s
2026-02-03 16:37:12 | SUCCESS | 加载完成: 114,362,160 条分钟数据, 1969 只股票, 243 个交易日
2026-02-03 16:37:17 | SUCCESS | 分钟数据加载完成: 114,362,160 条记录, 1969 只股票
2026-02-03 16:37:17 | SUCCESS | --- 组件 LoadMinuteData 执行成功 ---
2026-02-03 16:37:17 | INFO | === 执行阶段 2/4 ===
2026-02-03 16:37:17 | INFO | --- 开始执行组件: ComputeIntradayFeatures ---
2026-02-03 16:37:17 | DEBUG | 组件 'ComputeIntradayFeatures' 初始化完成
2026-02-03 16:37:17 | INFO | 开始计算日内特征...
2026-02-03 16:37:17 | INFO | 开始计算特征，观察时点: 10:30，出场时点: 14:50，Z-Score窗口: 20天
2026-02-03 16:38:50 | SUCCESS | 特征计算完成: 475788 条记录, 1969 只股票, 243 个交易日
2026-02-03 16:38:50 | INFO | Z-Score 有效样本: 465943/475788 (97.9%), 前 19 天为预热期
2026-02-03 16:38:55 | SUCCESS | --- 组件 ComputeIntradayFeatures 执行成功 ---
2026-02-03 16:38:55 | INFO | === 执行阶段 3/4 ===
2026-02-03 16:38:55 | INFO | --- 开始执行组件: AnalyzeCorrelation ---
2026-02-03 16:38:55 | DEBUG | 组件 'AnalyzeCorrelation' 初始化完成
2026-02-03 16:38:55 | INFO | 开始分析相关性...
2026-02-03 16:39:02 | SUCCESS | --- 组件 AnalyzeCorrelation 执行成功 ---
2026-02-03 16:39:02 | INFO | --- 开始执行组件: ComputeResonanceSignals ---
2026-02-03 16:39:02 | DEBUG | 组件 'ComputeResonanceSignals' 初始化完成
2026-02-03 16:39:02 | INFO | 开始计算共振信号...
2026-02-03 16:39:02 | INFO | 开始计算共振信号（Z-Score模式），阈值: -1.0 个标准差
2026-02-03 16:39:02 | SUCCESS | 共振信号统计完成: 超跌共振 1599 次, 胜率 43.8%, 平均收益 0.19%
2026-02-03 16:39:02 | SUCCESS | --- 组件 ComputeResonanceSignals 执行成功 ---
2026-02-03 16:39:02 | INFO | === 执行阶段 4/4 ===
2026-02-03 16:39:02 | INFO | --- 开始执行组件: SaveResults ---
2026-02-03 16:39:02 | DEBUG | 组件 'SaveResults' 初始化完成
2026-02-03 16:39:02 | INFO | 开始保存结果...
2026-02-03 16:39:23 | INFO | 已保存: /nfs/volume-1593-1/peterzhenglinpeng/vwap-research/output/intraday_features.csv
2026-02-03 16:39:23 | INFO | 已保存: /nfs/volume-1593-1/peterzhenglinpeng/vwap-research/output/stock_correlation_summary.csv
2026-02-03 16:39:23 | INFO | 已保存: /nfs/volume-1593-1/peterzhenglinpeng/vwap-research/output/feature_std_by_stock.csv
2026-02-03 16:39:23 | SUCCESS | 结果已保存至: /nfs/volume-1593-1/peterzhenglinpeng/vwap-research/output
2026-02-03 16:39:23 | SUCCESS | --- 组件 SaveResults 执行成功 ---
2026-02-03 16:39:23 | SUCCESS | 流水线执行完毕！
2026-02-03 16:39:23 | SUCCESS | ✅ 分析完成
