2026-02-03 14:44:25 | INFO | ======================================================================
2026-02-03 14:44:25 | INFO | 日内做T时序模型 - Z-Score 标准化版本（管道式架构）
2026-02-03 14:44:25 | INFO | 指数模式: 932000.INDX
2026-02-03 14:44:25 | INFO | 观察时点: 10:30 | 出场时点: 14:50
2026-02-03 14:44:25 | INFO | 组合因子: Z_final = -0.5 * Z_X1 + 2.0 * Z_X2
2026-02-03 14:44:25 | INFO | Z-Score 窗口: 20 天 | 共振阈值: -1.0 个标准差
2026-02-03 14:44:25 | INFO | ======================================================================
2026-02-03 14:44:25 | INFO | 开始执行流水线...
2026-02-03 14:44:25 | INFO | === 执行阶段 1/4 ===
2026-02-03 14:44:25 | INFO | --- 开始执行组件: LoadMinuteData ---
2026-02-03 14:44:25 | DEBUG | 组件 'LoadMinuteData' 初始化完成
2026-02-03 14:44:25 | INFO | 开始加载分钟数据...
2026-02-03 14:44:25 | INFO | 使用指数模式: 932000.INDX
2026-02-03 14:44:25 | INFO | 从指数 932000.INDX 获取成分股...
2026-02-03 14:44:59 | SUCCESS | 获取到 1969 只成分股
2026-02-03 14:44:59 | INFO | 开始加载 2025年 分钟数据...
2026-02-03 14:44:59 | DEBUG | 读取: 2025.pkl
2026-02-03 14:48:35 | INFO | 数据中共有 5212 只股票
2026-02-03 14:48:35 | INFO | 指数成分股与数据交集: 1969 只股票
2026-02-03 14:48:35 | INFO | 开始筛选股票数据...
